// Jest Snapshot v1, https://goo.gl/fbAQLP

exports[`Test ParentalCompensationApp Component should render ParentalCompensationApp correctly 1`] = `
<styled.div>
  <GlobalStyleComponent />
  <styled.div
    Col={2}
  >
    <TextBoxComponent
      label="GrundlÃ¶n"
      name="baseSalary"
      onChange={[Function]}
      value=""
    />
    <SelectBoxComponent
      label="Test"
      name="test"
      options={
        Array [
          Object {
            "text": "one",
            "value": "1",
          },
          Object {
            "text": "two",
            "value": "2",
          },
          Object {
            "text": "three",
            "value": "3",
          },
        ]
      }
    />
  </styled.div>
  <styled.div
    Col={1}
  >
    <CardComponent
      arrData={
        Object {
          "excessFixedSalary": "53700 kr",
          "max10PBB": "45600 kr",
          "max15PBB90": "697500 kr",
          "parentalSalaryAbove10PBB": "3972,33 kr",
          "parentalSalaryUpto10PBB": "3821,92 kr",
        }
      }
      key="0"
    />
  </styled.div>
</styled.div>
`;
