// Jest Snapshot v1, https://goo.gl/fbAQLP

exports[`Testin Card Component Should render empty div if cards array is empty 1`] = `
<styled.div
  size={5}
/>
`;
