// Jest Snapshot v1, https://goo.gl/fbAQLP

exports[`Testin CardComponent Should render empty ul if arrData is empty 1`] = `<ul />`;
